// Jest Snapshot v1, https://goo.gl/fbAQLP

exports[`Testing LoadingPage component... should match LoadingPage snapshot 1`] = `
<div
  data-testid="loading-page"
  style={
    Object {
      "margin": "auto",
      "paddingTop": "15rem",
    }
  }
>
  <div
    className="MuiBox-root css-k008qs"
  >
    <h1>
      Loading...
    </h1>
    <span
      className="MuiCircularProgress-root MuiCircularProgress-indeterminate MuiCircularProgress-colorPrimary css-18lrjg1-MuiCircularProgress-root"
      role="progressbar"
      style={
        Object {
          "height": 40,
          "width": 40,
        }
      }
    >
      <svg
        className="MuiCircularProgress-svg css-1idz92c-MuiCircularProgress-svg"
        viewBox="22 22 44 44"
      >
        <circle
          className="MuiCircularProgress-circle MuiCircularProgress-circleIndeterminate css-176wh8e-MuiCircularProgress-circle"
          cx={44}
          cy={44}
          fill="none"
          r={20.2}
          strokeWidth={3.6}
          style={Object {}}
        />
      </svg>
    </span>
  </div>
</div>
`;
